                                                           The SAS System

                                                         The FREQ Procedure

                                                                       Cumulative    Cumulative
                                     death    Frequency     Percent     Frequency      Percent
                                     ----------------------------------------------------------
                                         0          57       89.06            57        89.06  
                                         1           7       10.94            64       100.00  


                                                                      Cumulative    Cumulative
                                      nec    Frequency     Percent     Frequency      Percent
                                      --------------------------------------------------------
                                        0          59       92.19            59        92.19  
                                        1           5        7.81            64       100.00  


                                                                      Cumulative    Cumulative
                                      bpd    Frequency     Percent     Frequency      Percent
                                      --------------------------------------------------------
                                        0          57       89.06            57        89.06  
                                        1           7       10.94            64       100.00  
                                                           The SAS System

                                                         The FREQ Procedure

                                                                       Cumulative    Cumulative
                                     death    Frequency     Percent     Frequency      Percent
                                     ----------------------------------------------------------
                                         0         389       95.58           389        95.58  
                                         1          18        4.42           407       100.00  


                                                                      Cumulative    Cumulative
                                      nec    Frequency     Percent     Frequency      Percent
                                      --------------------------------------------------------
                                        0         375       92.14           375        92.14  
                                        1          32        7.86           407       100.00  


                                                                      Cumulative    Cumulative
                                      bpd    Frequency     Percent     Frequency      Percent
                                      --------------------------------------------------------
                                        0         385       94.59           385        94.59  
                                        1          22        5.41           407       100.00  
                                                           The SAS System

                                                         The FREQ Procedure

                                                       Table of death by ivh

                                                death     ivh

                                                Frequency|
                                                Percent  |
                                                Row Pct  |
                                                Col Pct  |       0|       1|  Total
                                                ---------+--------+--------+
                                                       0 |    389 |     57 |    446
                                                         |  82.59 |  12.10 |  94.69
                                                         |  87.22 |  12.78 |
                                                         |  95.58 |  89.06 |
                                                ---------+--------+--------+
                                                       1 |     18 |      7 |     25
                                                         |   3.82 |   1.49 |   5.31
                                                         |  72.00 |  28.00 |
                                                         |   4.42 |  10.94 |
                                                ---------+--------+--------+
                                                Total         407       64      471
                                                            86.41    13.59   100.00


                                                Statistics for Table of death by ivh

                                       Statistic                     DF       Value      Prob
                                       ------------------------------------------------------
                                       Chi-Square                     1      4.6702    0.0307
                                       Likelihood Ratio Chi-Square    1      3.8058    0.0511
                                       Continuity Adj. Chi-Square     1      3.4639    0.0627
                                       Mantel-Haenszel Chi-Square     1      4.6603    0.0309
                                       Phi Coefficient                       0.0996          
                                       Contingency Coefficient               0.0991          
                                       Cramer's V                            0.0996          

                                        WARNING: 25% of the cells have expected counts less 
                                                 than 5. Chi-Square may not be a valid test.


                                                        Fisher's Exact Test
                                                 ----------------------------------
                                                 Cell (1,1) Frequency (F)       389
                                                 Left-sided Pr <= F          0.9878
                                                 Right-sided Pr >= F         0.0398
                                                                                   
                                                 Table Probability (P)       0.0276
                                                 Two-sided Pr <= P           0.0632

                                                         Sample Size = 471
                                                           The SAS System

                                                         The FREQ Procedure

                                                                      Cumulative    Cumulative
                                      idx    Frequency     Percent     Frequency      Percent
                                      --------------------------------------------------------
                                        0          45       63.38            45        63.38  
                                        1          11       15.49            56        78.87  
                                        2          15       21.13            71       100.00  
                                                           The SAS System

                                                         The FREQ Procedure

                                                      Table of indo by center

                                            indo      center

                                            Frequency|
                                            Percent  |
                                            Row Pct  |
                                            Col Pct  |Midtown |Grady   |Northsid|  Total
                                                     |        |        |e       |
                                            ---------+--------+--------+--------+
                                                   0 |     66 |     81 |    253 |    400
                                                     |  14.01 |  17.20 |  53.72 |  84.93
                                                     |  16.50 |  20.25 |  63.25 |
                                                     |  72.53 |  64.29 |  99.61 |
                                            ---------+--------+--------+--------+
                                                   1 |     25 |     45 |      1 |     71
                                                     |   5.31 |   9.55 |   0.21 |  15.07
                                                     |  35.21 |  63.38 |   1.41 |
                                                     |  27.47 |  35.71 |   0.39 |
                                            ---------+--------+--------+--------+
                                            Total          91      126      254      471
                                                        19.32    26.75    53.93   100.00
                                                   Table1: Indomethacin by Cetner

                                                  Midtown       Grady      Northside       Total
                                 Indomethacin     (n=91)       (n=126)      (n=254)       (n=471)

                                     No          66(72.5%)    81(64.3%)    253(99.6%)    400(84.9%)
                                     Yes         25(27.5%)    45(35.7%)      1(0.4%)      71(15.1%)
                                                   Table1: Indomethacin by Cetner

                                                         The FREQ Procedure

                                                      Table of indo by center

                                            indo      center

                                            Frequency|
                                            Percent  |
                                            Row Pct  |
                                            Col Pct  |Midtown |Grady   |Northsid|  Total
                                                     |        |        |e       |
                                            ---------+--------+--------+--------+
                                                   0 |      0 |      6 |     41 |     47
                                                     |   0.00 |   9.38 |  64.06 |  73.44
                                                     |   0.00 |  12.77 |  87.23 |
                                                     |   0.00 |  40.00 | 100.00 |
                                            ---------+--------+--------+--------+
                                                   1 |      8 |      9 |      0 |     17
                                                     |  12.50 |  14.06 |   0.00 |  26.56
                                                     |  47.06 |  52.94 |   0.00 |
                                                     | 100.00 |  60.00 |   0.00 |
                                            ---------+--------+--------+--------+
                                            Total           8       15       41       64
                                                        12.50    23.44    64.06   100.00
                                     Table2: Indomethacin by Center for IVH (grade II, III, IV)

                                                   Midtown     Grady      Northside      Total
                                   Indomethacin     (n=8)      (n=15)      (n=41)       (n=64)

                                       No          0(0.0%)    6(40.0%)    41(100%)     47(73.4%)
                                       Yes         8(100%)    9(60.0%)     0(0.0%)     17(26.6%)
                                     Table2: Indomethacin by Center for IVH (grade II, III, IV)

                                                    Obs       id      ismultiple

                                                      1    1000111         1    
                                                      2    1000211         1    
                                                      3    1000311         1    
                                                      4    1000411         1    
                                                      5    1001011         1    
                                                      6    1001211         1    
                                                      7    1001411         1    
                                                      8    1001711         2    
                                                      9    1001721         2    
                                                     10    1001811         1    
                                                     11    1002011         2    
                                                     12    1002021         2    
                                                     13    1002311         1    
                                                     14    1002611         1    
                                                     15    1002821         2    
                                                     16    1002911         1    
                                                     17    1003111         1    
                                                     18    1003411         1    
                                                     19    1003511         1    
                                                     20    1003611         1    
                                                     21    1004111         1    
                                                     22    1004411         1    
                                                     23    1004511         1    
                                                     24    1004611         3    
                                                     25    1004621         3    
                                                     26    1004631         3    
                                                     27    1004911         2    
                                                     28    1004921         2    
                                                     29    1005011         1    
                                                     30    1005211         2    
                                                     31    1005221         2    
                                                     32    1005311         1    
                                                     33    1005811         1    
                                                     34    1006111         2    
                                                     35    1006121         2    
                                                     36    1007011         1    
                                                     37    1007111         1    
                                                     38    1007511         1    
                                                     39    1007811         1    
                                                     40    1008311         1    
                                                     41    1008411         1    
                                                     42    1008811         1    
                                                     43    1009011         1    
                                                     44    1009111         1    
                                                     45    1009211         1    
                                                     46    1009411         1    
                                                     47    1009911         1    
                                                     48    1010011         1    
                                                     49    1010111         2    
                                                     50    1010121         2    
                                                     51    1010211         1    
                                                     52    1010411         1    
                                                     53    1010811         1    
                                                     54    1011111         1    
                                                     55    1011211         2    
                                                     56    1011221         2    
                                     Table2: Indomethacin by Center for IVH (grade II, III, IV)

                                                    Obs       id      ismultiple

                                                     57    1011311         1    
                                                     58    1011411         1    
                                                     59    1011611         1    
                                                     60    1011911         1    
                                                     61    1012011         1    
                                                     62    1012111         1    
                                                     63    1012611         3    
                                                     64    1012621         3    
                                                     65    1012631         3    
                                                     66    1012811         1    
                                                     67    1012911         1    
                                                     68    1016911         2    
                                                     69    1016921         2    
                                                     70    1017911         1    
                                                     71    1018111         1    
                                                     72    1018311         1    
                                                     73    1018611         2    
                                                     74    1018621         2    
                                                     75    1018911         1    
                                                     76    1019111         1    
                                                     77    1020211         1    
                                                     78    1020411         1    
                                                     79    1020511         1    
                                                     80    1021211         1    
                                                     81    1021511         1    
                                                     82    1021711         1    
                                                     83    1021911         1    
                                                     84    1022411         1    
                                                     85    1022511         1    
                                                     86    1022611         1    
                                                     87    1022811         1    
                                                     88    1023611         1    
                                                     89    1024221         2    
                                                     90    1024311         1    
                                                     91    1024411         1    
                                                     92    2000311         1    
                                                     93    2000811         1    
                                                     94    2000911         1    
                                                     95    2001011         1    
                                                     96    2001311         1    
                                                     97    2001611         1    
                                                     98    2001811         1    
                                                     99    2002111         1    
                                                    100    2002311         1    
                                                    101    2002411         1    
                                                    102    2002511         1    
                                                    103    2002711         2    
                                                    104    2002721         2    
                                                    105    2002811         2    
                                                    106    2002821         2    
                                                    107    2002911         1    
                                                    108    2003111         1    
                                                    109    2003211         2    
                                                    110    2003221         2    
                                                    111    2003311         1    
                                                    112    2003411         1    
                                     Table2: Indomethacin by Center for IVH (grade II, III, IV)

                                                    Obs       id      ismultiple

                                                    113    2004111         1    
                                                    114    2004711         1    
                                                    115    2005011         1    
                                                    116    2005111         1    
                                                    117    2005211         1    
                                                    118    2005311         1    
                                                    119    2005511         1    
                                                    120    2005711         1    
                                                    121    2005811         2    
                                                    122    2005821         2    
                                                    123    2006011         1    
                                                    124    2006111         1    
                                                    125    2006311         1    
                                                    126    2006611         2    
                                                    127    2006621         2    
                                                    128    2006711         1    
                                                    129    2006911         1    
                                                    130    2007111         1    
                                                    131    2007211         1    
                                                    132    2007411         1    
                                                    133    2007611         2    
                                                    134    2007621         2    
                                                    135    2007711         1    
                                                    136    2007911         1    
                                                    137    2008011         1    
                                                    138    2008111         2    
                                                    139    2008121         2    
                                                    140    2008311         1    
                                                    141    2008411         1    
                                                    142    2008511         1    
                                                    143    2008611         1    
                                                    144    2008811         1    
                                                    145    2008911         2    
                                                    146    2008921         2    
                                                    147    2009011         1    
                                                    148    2009311         1    
                                                    149    2009511         1    
                                                    150    2009611         1    
                                                    151    2009711         1    
                                                    152    2010011         1    
                                                    153    2010111         1    
                                                    154    2010211         2    
                                                    155    2010221         2    
                                                    156    2010311         1    
                                                    157    2010811         1    
                                                    158    2010911         1    
                                                    159    2011111         1    
                                                    160    2011211         1    
                                                    161    2011411         1    
                                                    162    2011611         1    
                                                    163    2011711         1    
                                                    164    2011811         1    
                                                    165    2012011         2    
                                                    166    2012021         2    
                                                    167    2012311         1    
                                                    168    2012411         1    
                                     Table2: Indomethacin by Center for IVH (grade II, III, IV)

                                                    Obs       id      ismultiple

                                                    169    2012911         1    
                                                    170    2013011         1    
                                                    171    2013311         1    
                                                    172    2013511         1    
                                                    173    2013811         1    
                                                    174    2014011         1    
                                                    175    2014111         1    
                                                    176    2014311         1    
                                                    177    2014411         1    
                                                    178    2014711         1    
                                                    179    2015411         1    
                                                    180    2015511         1    
                                                    181    2015811         1    
                                                    182    2016011         1    
                                                    183    2016311         1    
                                                    184    2016411         1    
                                                    185    2016511         1    
                                                    186    2016611         1    
                                                    187    2016711         2    
                                                    188    2016721         2    
                                                    189    2016911         1    
                                                    190    2017111         2    
                                                    191    2017121         2    
                                                    192    2017511         1    
                                                    193    2017711         1    
                                                    194    2017811         .    
                                                    195    2017911         1    
                                                    196    2018411         1    
                                                    197    2018511         2    
                                                    198    2018521         2    
                                                    199    2018611         1    
                                                    200    2018811         1    
                                                    201    2019011         1    
                                                    202    2019311         1    
                                                    203    2019511         1    
                                                    204    2021111         1    
                                                    205    2021611         1    
                                                    206    2022211         1    
                                                    207    2022611         1    
                                                    208    2022811         2    
                                                    209    2022821         2    
                                                    210    2022911         1    
                                                    211    2023011         1    
                                                    212    2023111         1    
                                                    213    2023211         1    
                                                    214    2023311         1    
                                                    215    2023911         .    
                                                    216    2024011         1    
                                                    217    2024211         1    
                                                    218    3000111         2    
                                                    219    3000121         2    
                                                    220    3000211         1    
                                                    221    3000811         1    
                                                    222    3000911         1    
                                                    223    3001011         1    
                                                    224    3001611         1    
                                     Table2: Indomethacin by Center for IVH (grade II, III, IV)

                                                    Obs       id      ismultiple

                                                    225    3002011         1    
                                                    226    3002411         1    
                                                    227    3002711         1    
                                                    228    3003511         1    
                                                    229    3004311         3    
                                                    230    3004321         3    
                                                    231    3004331         3    
                                                    232    3004511         1    
                                                    233    3004611         1    
                                                    234    3005411         1    
                                                    235    3005911         1    
                                                    236    3006011         1    
                                                    237    3006211         2    
                                                    238    3006221         2    
                                                    239    3006711         1    
                                                    240    3007511         1    
                                                    241    3007711         2    
                                                    242    3007721         2    
                                                    243    3007811         1    
                                                    244    3010111         1    
                                                    245    3010311         1    
                                                    246    3010411         1    
                                                    247    3010811         2    
                                                    248    3010821         2    
                                                    249    3010911         2    
                                                    250    3010921         2    
                                                    251    3012511         1    
                                                    252    3012811         1    
                                                    253    3013111         1    
                                                    254    3013211         1    
                                                    255    3013411         1    
                                                    256    3013611         2    
                                                    257    3013621         2    
                                                    258    3013911         2    
                                                    259    3013921         2    
                                                    260    3014011         1    
                                                    261    3014511         1    
                                                    262    3014611         2    
                                                    263    3014621         2    
                                                    264    3015211         1    
                                                    265    3015311         1    
                                                    266    3015411         1    
                                                    267    3015711         1    
                                                    268    3016111         1    
                                                    269    3016711         1    
                                                    270    3016811         2    
                                                    271    3016821         2    
                                                    272    3017111         1    
                                                    273    3018511         1    
                                                    274    3018611         1    
                                                    275    3019111         1    
                                                    276    3020711         1    
                                                    277    3020811         1    
                                                    278    3021311         1    
                                                    279    3021511         1    
                                                    280    3021611         1    
                                     Table2: Indomethacin by Center for IVH (grade II, III, IV)

                                                    Obs       id      ismultiple

                                                    281    3021711         1    
                                                    282    3021811         1    
                                                    283    3022311         1    
                                                    284    3022411         1    
                                                    285    3022511         1    
                                                    286    3023111         1    
                                                    287    3023511         1    
                                                    288    3024611         1    
                                                    289    3024911         1    
                                                    290    3025311         1    
                                                    291    3025511         1    
                                                    292    3026211         2    
                                                    293    3026221         2    
                                                    294    3026311         1    
                                                    295    3026911         1    
                                                    296    3027011         1    
                                                    297    3027411         1    
                                                    298    3027711         1    
                                                    299    3028211         1    
                                                    300    3028711         1    
                                                    301    3028811         1    
                                                    302    3029611         1    
                                                    303    3029811         1    
                                                    304    3030611         1    
                                                    305    3030711         1    
                                                    306    3030811         1    
                                                    307    3032311         1    
                                                    308    3032511         1    
                                                    309    3032611         1    
                                                    310    3032811         1    
                                                    311    3033111         2    
                                                    312    3033121         2    
                                                    313    3033311         1    
                                                    314    3033511         1    
                                                    315    3033611         2    
                                                    316    3033621         2    
                                                    317    3034011         1    
                                                    318    3034211         2    
                                                    319    3034221         2    
                                                    320    3034911         1    
                                                    321    3035011         1    
                                                    322    3035411         1    
                                                    323    3035511         1    
                                                    324    3036511         1    
                                                    325    3037611         1    
                                                    326    3037911         2    
                                                    327    3037921         2    
                                                    328    3038211         1    
                                                    329    3038411         .    
                                                    330    3039211         2    
                                                    331    3039221         2    
                                                    332    3039611         2    
                                                    333    3039621         2    
                                                    334    3039811         1    
                                                    335    3040111         2    
                                                    336    3040121         2    
                                     Table2: Indomethacin by Center for IVH (grade II, III, IV)

                                                    Obs       id      ismultiple

                                                    337    3040411         1    
                                                    338    3040511         1    
                                                    339    3040711         1    
                                                    340    3041011         1    
                                                    341    3041211         1    
                                                    342    3041711         1    
                                                    343    3042011         2    
                                                    344    3042021         2    
                                                    345    3042031         .    
                                                    346    3042211         1    
                                                    347    3042311         1    
                                                    348    3042911         1    
                                                    349    3043411         1    
                                                    350    3043911         1    
                                                    351    3044211         2    
                                                    352    3044221         2    
                                                    353    3044311         1    
                                                    354    3044511         1    
                                                    355    3044611         1    
                                                    356    3044711         1    
                                                    357    3045511         1    
                                                    358    3045811         1    
                                                    359    3046211         1    
                                                    360    3046311         1    
                                                    361    3046511         1    
                                                    362    3047011         1    
                                                    363    3047111         1    
                                                    364    3047511         1    
                                                    365    3047711         1    
                                                    366    3047811         1    
                                                    367    3047911         1    
                                                    368    3048411         1    
                                                    369    3048511         1    
                                                    370    3048911         1    
                                                    371    3049011         2    
                                                    372    3049021         2    
                                                    373    3049211         2    
                                                    374    3049221         2    
                                                    375    3049511         1    
                                                    376    3049711         1    
                                                    377    3049921         3    
                                                    378    3049931         3    
                                                    379    3050211         1    
                                                    380    3050611         1    
                                                    381    3052211         1    
                                                    382    3052511         1    
                                                    383    3052611         1    
                                                    384    3052711         1    
                                                    385    3052811         1    
                                                    386    3053011         .    
                                                    387    3053111         1    
                                                    388    3053211         1    
                                                    389    3053311         1    
                                                    390    3053611         .    
                                                    391    3054011         1    
                                                    392    3054111         1    
                                     Table2: Indomethacin by Center for IVH (grade II, III, IV)

                                                    Obs       id      ismultiple

                                                    393    3054411         1    
                                                    394    3054511         2    
                                                    395    3054521         2    
                                                    396    3054611         1    
                                                    397    3054711         1    
                                                    398    3054911         1    
                                                    399    3055111         1    
                                                    400    3055311         1    
                                                    401    3056011         .    
                                                    402    3056111         1    
                                                    403    3056211         1    
                                                    404    3056411         2    
                                                    405    3056421         2    
                                                    406    3056711         1    
                                                    407    3056811         1    
                                                    408    3057111         1    
                                                    409    3058411         1    
                                                    410    3058711         1    
                                                    411    3058911         1    
                                                    412    3059011         1    
                                                    413    3059111         2    
                                                    414    3059121         2    
                                                    415    3059411         1    
                                                    416    3059511         1    
                                                    417    3059611         1    
                                                    418    3059811         .    
                                                    419    3060011         1    
                                                    420    3060111         2    
                                                    421    3060121         2    
                                                    422    3060211         1    
                                                    423    3061711         1    
                                                    424    3062611         1    
                                                    425    3062911         1    
                                                    426    3063211         1    
                                                    427    3063711         2    
                                                    428    3063721         2    
                                                    429    3063811         1    
                                                    430    3063911         1    
                                                    431    3064011         1    
                                                    432    3064811         1    
                                                    433    3065211         2    
                                                    434    3065221         2    
                                                    435    3065511         1    
                                                    436    3065811         1    
                                                    437    3065911         1    
                                                    438    3066211         1    
                                                    439    3066411         .    
                                                    440    3066511         2    
                                                    441    3066521         2    
                                                    442    3066611         3    
                                                    443    3066621         3    
                                                    444    3066631         3    
                                                    445    3066811         1    
                                                    446    3067111         2    
                                                    447    3067121         2    
                                                    448    3067611         1    
                                     Table2: Indomethacin by Center for IVH (grade II, III, IV)

                                                    Obs       id      ismultiple

                                                    449    3067811         1    
                                                    450    3067911         .    
                                                    451    3068011         1    
                                                    452    3068111         2    
                                                    453    3068121         2    
                                                    454    3068311         2    
                                                    455    3068321         2    
                                                    456    3068511         1    
                                                    457    3068811         2    
                                                    458    3068821         2    
                                                    459    3068911         3    
                                                    460    3068921         3    
                                                    461    3068931         3    
                                                    462    3069211         3    
                                                    463    3069231         3    
                                                    464    3069621         2    
                                                    465    3070311         .    
                                                    466    3070321         .    
                                                    467    3070411         .    
                                                    468    3070611         1    
                                                    469    3070711         1    
                                                    470    3070811         1    
                                                    471    3072011         1    
                                     Table2: Indomethacin by Center for IVH (grade II, III, IV)

                                                         The FREQ Procedure

                                                                         Cumulative    Cumulative
                                  ismultiple    Frequency     Percent     Frequency      Percent
                                  ---------------------------------------------------------------
                                           1         326       71.18           326        71.18  
                                           2         113       24.67           439        95.85  
                                           3          19        4.15           458       100.00  

                                                       Frequency Missing = 13
