                                                           The SAS System

                                                       The LIFETEST Procedure

                                                  Product-Limit Survival Estimates
 
                                                                            Survival
                                                                            Standard    Number    Number
                           Timelist         day     Survival    Failure      Error      Failed     Left

                             0.0000      0.0000       1.0000           0           0       0       471  
                             3.0000      3.0000       0.9830      0.0170     0.00595       8       463  
                             7.0000      7.0000       0.8958      0.1042      0.0141      49       419  
                            14.0000     12.0000       0.8765      0.1235      0.0152      58       405  
                            21.0000     21.0000       0.8721      0.1279      0.0154      60       389  
                            28.0000     21.0000       0.8721      0.1279      0.0154      60       378  
                            35.0000     35.0000       0.8651      0.1349      0.0158      63       356  
                            42.0000     39.0000       0.8625      0.1375      0.0160      64       314  
                            49.0000     39.0000       0.8625      0.1375      0.0160      64       272  
                            56.0000     39.0000       0.8625      0.1375      0.0160      64       226  


                                              Summary Statistics for Time Variable day

                                                         Quartile Estimates
 
                                                    Point         95% Confidence Interval
                                      Percent    Estimate    Transform      [Lower      Upper)

                                           75       .        LOGLOG          .           .    
                                           50       .        LOGLOG          .           .    
                                           25       .        LOGLOG          .           .    


                                                         Mean    Standard Error

                                                      34.8200            0.5042

NOTE: The mean survival time and its standard error were underestimated because the largest observation was censored and the 
      estimation was restricted to the largest event time.


                                       Summary of the Number of Censored and Uncensored Values
 
                                                                               Percent
                                                 Total  Failed    Censored    Censored

                                                   471      64         407       86.41
                                                           The SAS System

                                                       The LIFETEST Procedure

                                                  Product-Limit Survival Estimates
 
                                                                      Survival
                                                                      Standard    Number    Number
                                      day     Survival    Failure      Error      Failed     Left

                                   0.0000       1.0000           0           0       0       471  
                                   1.0000       0.9979     0.00212     0.00212       1       470  
                                   2.0000       0.9958     0.00425     0.00300       2       469  
                                   3.0000            .           .           .       3       468  
                                   3.0000            .           .           .       4       467  
                                   3.0000            .           .           .       5       466  
                                   3.0000            .           .           .       6       465  
                                   3.0000            .           .           .       7       464  
                                   3.0000       0.9830      0.0170     0.00595       8       463  
                                   4.0000            .           .           .       9       462  
                                   4.0000            .           .           .      10       461  
                                   4.0000            .           .           .      11       460  
                                   4.0000            .           .           .      12       459  
                                   4.0000            .           .           .      13       458  
                                   4.0000       0.9703      0.0297     0.00783      14       457  
                                   4.0000*           .           .           .      14       456  
                                   5.0000            .           .           .      15       455  
                                   5.0000            .           .           .      16       454  
                                   5.0000            .           .           .      17       453  
                                   5.0000       0.9618      0.0382     0.00884      18       452  
                                   6.0000            .           .           .      19       451  
                                   6.0000            .           .           .      20       450  
                                   6.0000            .           .           .      21       449  
                                   6.0000            .           .           .      22       448  
                                   6.0000       0.9511      0.0489     0.00994      23       447  
                                   7.0000            .           .           .      24       446  
                                   7.0000            .           .           .      25       445  
                                   7.0000            .           .           .      26       444  
                                   7.0000            .           .           .      27       443  
                                   7.0000            .           .           .      28       442  
                                   7.0000            .           .           .      29       441  
                                   7.0000            .           .           .      30       440  
                                   7.0000            .           .           .      31       439  
                                   7.0000            .           .           .      32       438  
                                   7.0000            .           .           .      33       437  
                                   7.0000            .           .           .      34       436  
                                   7.0000            .           .           .      35       435  
                                   7.0000            .           .           .      36       434  
                                   7.0000            .           .           .      37       433  
                                   7.0000            .           .           .      38       432  
                                   7.0000            .           .           .      39       431  
                                   7.0000            .           .           .      40       430  
                                   7.0000            .           .           .      41       429  
                                   7.0000            .           .           .      42       428  
                                   7.0000            .           .           .      43       427  
                                   7.0000            .           .           .      44       426  
                                   7.0000            .           .           .      45       425  
                                   7.0000            .           .           .      46       424  
                                   7.0000            .           .           .      47       423  
                                   7.0000            .           .           .      48       422  
                                                           The SAS System

                                                       The LIFETEST Procedure

                                                  Product-Limit Survival Estimates
 
                                                                      Survival
                                                                      Standard    Number    Number
                                      day     Survival    Failure      Error      Failed     Left

                                   7.0000       0.8958      0.1042      0.0141      49       421  
                                   7.0000*           .           .           .      49       420  
                                   7.0000*           .           .           .      49       419  
                                   8.0000            .           .           .      50       418  
                                   8.0000       0.8915      0.1085      0.0143      51       417  
                                   8.0000*           .           .           .      51       416  
                                   9.0000            .           .           .      52       415  
                                   9.0000            .           .           .      53       414  
                                   9.0000       0.8851      0.1149      0.0147      54       413  
                                  10.0000            .           .           .      55       412  
                                  10.0000       0.8808      0.1192      0.0149      56       411  
                                  11.0000       0.8787      0.1213      0.0151      57       410  
                                  11.0000*           .           .           .      57       409  
                                  12.0000       0.8765      0.1235      0.0152      58       408  
                                  13.0000*           .           .           .      58       407  
                                  14.0000*           .           .           .      58       406  
                                  14.0000*           .           .           .      58       405  
                                  15.0000*           .           .           .      58       404  
                                  15.0000*           .           .           .      58       403  
                                  15.0000*           .           .           .      58       402  
                                  16.0000*           .           .           .      58       401  
                                  16.0000*           .           .           .      58       400  
                                  17.0000*           .           .           .      58       399  
                                  18.0000*           .           .           .      58       398  
                                  19.0000*           .           .           .      58       397  
                                  20.0000       0.8743      0.1257      0.0153      59       396  
                                  20.0000*           .           .           .      59       395  
                                  20.0000*           .           .           .      59       394  
                                  20.0000*           .           .           .      59       393  
                                  21.0000       0.8721      0.1279      0.0154      60       392  
                                  21.0000*           .           .           .      60       391  
                                  21.0000*           .           .           .      60       390  
                                  21.0000*           .           .           .      60       389  
                                  22.0000*           .           .           .      60       388  
                                  24.0000*           .           .           .      60       387  
                                  25.0000*           .           .           .      60       386  
                                  25.0000*           .           .           .      60       385  
                                  26.0000*           .           .           .      60       384  
                                  26.0000*           .           .           .      60       383  
                                  27.0000*           .           .           .      60       382  
                                  27.0000*           .           .           .      60       381  
                                  28.0000*           .           .           .      60       380  
                                  28.0000*           .           .           .      60       379  
                                  28.0000*           .           .           .      60       378  
                                  29.0000            .           .           .      61       377  
                                  29.0000       0.8675      0.1325      0.0157      62       376  
                                  29.0000*           .           .           .      62       375  
                                  29.0000*           .           .           .      62       374  
                                  29.0000*           .           .           .      62       373  
                                  29.0000*           .           .           .      62       372  
                                                           The SAS System

                                                       The LIFETEST Procedure

                                                  Product-Limit Survival Estimates
 
                                                                      Survival
                                                                      Standard    Number    Number
                                      day     Survival    Failure      Error      Failed     Left

                                  30.0000*           .           .           .      62       371  
                                  31.0000*           .           .           .      62       370  
                                  31.0000*           .           .           .      62       369  
                                  31.0000*           .           .           .      62       368  
                                  32.0000*           .           .           .      62       367  
                                  32.0000*           .           .           .      62       366  
                                  33.0000*           .           .           .      62       365  
                                  33.0000*           .           .           .      62       364  
                                  33.0000*           .           .           .      62       363  
                                  34.0000*           .           .           .      62       362  
                                  34.0000*           .           .           .      62       361  
                                  34.0000*           .           .           .      62       360  
                                  34.0000*           .           .           .      62       359  
                                  35.0000       0.8651      0.1349      0.0158      63       358  
                                  35.0000*           .           .           .      63       357  
                                  35.0000*           .           .           .      63       356  
                                  36.0000*           .           .           .      63       355  
                                  36.0000*           .           .           .      63       354  
                                  36.0000*           .           .           .      63       353  
                                  36.0000*           .           .           .      63       352  
                                  36.0000*           .           .           .      63       351  
                                  36.0000*           .           .           .      63       350  
                                  36.0000*           .           .           .      63       349  
                                  36.0000*           .           .           .      63       348  
                                  37.0000*           .           .           .      63       347  
                                  37.0000*           .           .           .      63       346  
                                  37.0000*           .           .           .      63       345  
                                  37.0000*           .           .           .      63       344  
                                  37.0000*           .           .           .      63       343  
                                  37.0000*           .           .           .      63       342  
                                  37.0000*           .           .           .      63       341  
                                  38.0000*           .           .           .      63       340  
                                  38.0000*           .           .           .      63       339  
                                  38.0000*           .           .           .      63       338  
                                  38.0000*           .           .           .      63       337  
                                  38.0000*           .           .           .      63       336  
                                  38.0000*           .           .           .      63       335  
                                  38.0000*           .           .           .      63       334  
                                  39.0000       0.8625      0.1375      0.0160      64       333  
                                  39.0000*           .           .           .      64       332  
                                  39.0000*           .           .           .      64       331  
                                  39.0000*           .           .           .      64       330  
                                  39.0000*           .           .           .      64       329  
                                  40.0000*           .           .           .      64       328  
                                  40.0000*           .           .           .      64       327  
                                  40.0000*           .           .           .      64       326  
                                  40.0000*           .           .           .      64       325  
                                  40.0000*           .           .           .      64       324  
                                  41.0000*           .           .           .      64       323  
                                  41.0000*           .           .           .      64       322  
                                                           The SAS System

                                                       The LIFETEST Procedure

                                                  Product-Limit Survival Estimates
 
                                                                      Survival
                                                                      Standard    Number    Number
                                      day     Survival    Failure      Error      Failed     Left

                                  41.0000*           .           .           .      64       321  
                                  42.0000*           .           .           .      64       320  
                                  42.0000*           .           .           .      64       319  
                                  42.0000*           .           .           .      64       318  
                                  42.0000*           .           .           .      64       317  
                                  42.0000*           .           .           .      64       316  
                                  42.0000*           .           .           .      64       315  
                                  42.0000*           .           .           .      64       314  
                                  43.0000*           .           .           .      64       313  
                                  43.0000*           .           .           .      64       312  
                                  43.0000*           .           .           .      64       311  
                                  43.0000*           .           .           .      64       310  
                                  43.0000*           .           .           .      64       309  
                                  44.0000*           .           .           .      64       308  
                                  44.0000*           .           .           .      64       307  
                                  44.0000*           .           .           .      64       306  
                                  44.0000*           .           .           .      64       305  
                                  44.0000*           .           .           .      64       304  
                                  45.0000*           .           .           .      64       303  
                                  45.0000*           .           .           .      64       302  
                                  45.0000*           .           .           .      64       301  
                                  45.0000*           .           .           .      64       300  
                                  45.0000*           .           .           .      64       299  
                                  45.0000*           .           .           .      64       298  
                                  46.0000*           .           .           .      64       297  
                                  46.0000*           .           .           .      64       296  
                                  46.0000*           .           .           .      64       295  
                                  47.0000*           .           .           .      64       294  
                                  47.0000*           .           .           .      64       293  
                                  47.0000*           .           .           .      64       292  
                                  47.0000*           .           .           .      64       291  
                                  47.0000*           .           .           .      64       290  
                                  48.0000*           .           .           .      64       289  
                                  48.0000*           .           .           .      64       288  
                                  48.0000*           .           .           .      64       287  
                                  48.0000*           .           .           .      64       286  
                                  48.0000*           .           .           .      64       285  
                                  48.0000*           .           .           .      64       284  
                                  48.0000*           .           .           .      64       283  
                                  48.0000*           .           .           .      64       282  
                                  48.0000*           .           .           .      64       281  
                                  49.0000*           .           .           .      64       280  
                                  49.0000*           .           .           .      64       279  
                                  49.0000*           .           .           .      64       278  
                                  49.0000*           .           .           .      64       277  
                                  49.0000*           .           .           .      64       276  
                                  49.0000*           .           .           .      64       275  
                                  49.0000*           .           .           .      64       274  
                                  49.0000*           .           .           .      64       273  
                                  49.0000*           .           .           .      64       272  
                                                           The SAS System

                                                       The LIFETEST Procedure

                                                  Product-Limit Survival Estimates
 
                                                                      Survival
                                                                      Standard    Number    Number
                                      day     Survival    Failure      Error      Failed     Left

                                  50.0000*           .           .           .      64       271  
                                  50.0000*           .           .           .      64       270  
                                  50.0000*           .           .           .      64       269  
                                  50.0000*           .           .           .      64       268  
                                  50.0000*           .           .           .      64       267  
                                  50.0000*           .           .           .      64       266  
                                  50.0000*           .           .           .      64       265  
                                  50.0000*           .           .           .      64       264  
                                  50.0000*           .           .           .      64       263  
                                  50.0000*           .           .           .      64       262  
                                  50.0000*           .           .           .      64       261  
                                  51.0000*           .           .           .      64       260  
                                  51.0000*           .           .           .      64       259  
                                  51.0000*           .           .           .      64       258  
                                  51.0000*           .           .           .      64       257  
                                  51.0000*           .           .           .      64       256  
                                  51.0000*           .           .           .      64       255  
                                  51.0000*           .           .           .      64       254  
                                  52.0000*           .           .           .      64       253  
                                  52.0000*           .           .           .      64       252  
                                  52.0000*           .           .           .      64       251  
                                  52.0000*           .           .           .      64       250  
                                  52.0000*           .           .           .      64       249  
                                  52.0000*           .           .           .      64       248  
                                  53.0000*           .           .           .      64       247  
                                  53.0000*           .           .           .      64       246  
                                  53.0000*           .           .           .      64       245  
                                  53.0000*           .           .           .      64       244  
                                  54.0000*           .           .           .      64       243  
                                  54.0000*           .           .           .      64       242  
                                  54.0000*           .           .           .      64       241  
                                  54.0000*           .           .           .      64       240  
                                  54.0000*           .           .           .      64       239  
                                  55.0000*           .           .           .      64       238  
                                  55.0000*           .           .           .      64       237  
                                  55.0000*           .           .           .      64       236  
                                  55.0000*           .           .           .      64       235  
                                  55.0000*           .           .           .      64       234  
                                  56.0000*           .           .           .      64       233  
                                  56.0000*           .           .           .      64       232  
                                  56.0000*           .           .           .      64       231  
                                  56.0000*           .           .           .      64       230  
                                  56.0000*           .           .           .      64       229  
                                  56.0000*           .           .           .      64       228  
                                  56.0000*           .           .           .      64       227  
                                  56.0000*           .           .           .      64       226  
                                  57.0000*           .           .           .      64       225  
                                  57.0000*           .           .           .      64       224  
                                  57.0000*           .           .           .      64       223  
                                  57.0000*           .           .           .      64       222  
                                                           The SAS System

                                                       The LIFETEST Procedure

                                                  Product-Limit Survival Estimates
 
                                                                      Survival
                                                                      Standard    Number    Number
                                      day     Survival    Failure      Error      Failed     Left

                                  57.0000*           .           .           .      64       221  
                                  58.0000*           .           .           .      64       220  
                                  58.0000*           .           .           .      64       219  
                                  58.0000*           .           .           .      64       218  
                                  59.0000*           .           .           .      64       217  
                                  59.0000*           .           .           .      64       216  
                                  59.0000*           .           .           .      64       215  
                                  59.0000*           .           .           .      64       214  
                                  60.0000*           .           .           .      64       213  
                                  60.0000*           .           .           .      64       212  
                                  60.0000*           .           .           .      64       211  
                                  60.0000*           .           .           .      64       210  
                                  60.0000*           .           .           .      64       209  
                                  60.0000*           .           .           .      64       208  
                                  60.0000*           .           .           .      64       207  
                                  60.0000*           .           .           .      64       206  
                                  60.0000*           .           .           .      64       205  
                                  60.0000*           .           .           .      64       204  
                                  61.0000*           .           .           .      64       203  
                                  61.0000*           .           .           .      64       202  
                                  61.0000*           .           .           .      64       201  
                                  61.0000*           .           .           .      64       200  
                                  61.0000*           .           .           .      64       199  
                                  62.0000*           .           .           .      64       198  
                                  62.0000*           .           .           .      64       197  
                                  62.0000*           .           .           .      64       196  
                                  62.0000*           .           .           .      64       195  
                                  62.0000*           .           .           .      64       194  
                                  63.0000*           .           .           .      64       193  
                                  63.0000*           .           .           .      64       192  
                                  63.0000*           .           .           .      64       191  
                                  63.0000*           .           .           .      64       190  
                                  63.0000*           .           .           .      64       189  
                                  63.0000*           .           .           .      64       188  
                                  63.0000*           .           .           .      64       187  
                                  63.0000*           .           .           .      64       186  
                                  64.0000*           .           .           .      64       185  
                                  64.0000*           .           .           .      64       184  
                                  64.0000*           .           .           .      64       183  
                                  64.0000*           .           .           .      64       182  
                                  64.0000*           .           .           .      64       181  
                                  64.0000*           .           .           .      64       180  
                                  64.0000*           .           .           .      64       179  
                                  64.0000*           .           .           .      64       178  
                                  64.0000*           .           .           .      64       177  
                                  65.0000*           .           .           .      64       176  
                                  66.0000*           .           .           .      64       175  
                                  66.0000*           .           .           .      64       174  
                                  66.0000*           .           .           .      64       173  
                                  67.0000*           .           .           .      64       172  
                                                           The SAS System

                                                       The LIFETEST Procedure

                                                  Product-Limit Survival Estimates
 
                                                                      Survival
                                                                      Standard    Number    Number
                                      day     Survival    Failure      Error      Failed     Left

                                  67.0000*           .           .           .      64       171  
                                  67.0000*           .           .           .      64       170  
                                  68.0000*           .           .           .      64       169  
                                  68.0000*           .           .           .      64       168  
                                  68.0000*           .           .           .      64       167  
                                  68.0000*           .           .           .      64       166  
                                  68.0000*           .           .           .      64       165  
                                  69.0000*           .           .           .      64       164  
                                  69.0000*           .           .           .      64       163  
                                  69.0000*           .           .           .      64       162  
                                  69.0000*           .           .           .      64       161  
                                  69.0000*           .           .           .      64       160  
                                  69.0000*           .           .           .      64       159  
                                  70.0000*           .           .           .      64       158  
                                  70.0000*           .           .           .      64       157  
                                  70.0000*           .           .           .      64       156  
                                  70.0000*           .           .           .      64       155  
                                  70.0000*           .           .           .      64       154  
                                  71.0000*           .           .           .      64       153  
                                  71.0000*           .           .           .      64       152  
                                  71.0000*           .           .           .      64       151  
                                  71.0000*           .           .           .      64       150  
                                  71.0000*           .           .           .      64       149  
                                  71.0000*           .           .           .      64       148  
                                  72.0000*           .           .           .      64       147  
                                  72.0000*           .           .           .      64       146  
                                  72.0000*           .           .           .      64       145  
                                  73.0000*           .           .           .      64       144  
                                  73.0000*           .           .           .      64       143  
                                  73.0000*           .           .           .      64       142  
                                  73.0000*           .           .           .      64       141  
                                  73.0000*           .           .           .      64       140  
                                  73.0000*           .           .           .      64       139  
                                  73.0000*           .           .           .      64       138  
                                  73.0000*           .           .           .      64       137  
                                  74.0000*           .           .           .      64       136  
                                  74.0000*           .           .           .      64       135  
                                  74.0000*           .           .           .      64       134  
                                  74.0000*           .           .           .      64       133  
                                  74.0000*           .           .           .      64       132  
                                  74.0000*           .           .           .      64       131  
                                  74.0000*           .           .           .      64       130  
                                  74.0000*           .           .           .      64       129  
                                  74.0000*           .           .           .      64       128  
                                  74.0000*           .           .           .      64       127  
                                  75.0000*           .           .           .      64       126  
                                  75.0000*           .           .           .      64       125  
                                  75.0000*           .           .           .      64       124  
                                  76.0000*           .           .           .      64       123  
                                  76.0000*           .           .           .      64       122  
                                                           The SAS System

                                                       The LIFETEST Procedure

                                                  Product-Limit Survival Estimates
 
                                                                      Survival
                                                                      Standard    Number    Number
                                      day     Survival    Failure      Error      Failed     Left

                                  76.0000*           .           .           .      64       121  
                                  76.0000*           .           .           .      64       120  
                                  76.0000*           .           .           .      64       119  
                                  76.0000*           .           .           .      64       118  
                                  76.0000*           .           .           .      64       117  
                                  76.0000*           .           .           .      64       116  
                                  76.0000*           .           .           .      64       115  
                                  77.0000*           .           .           .      64       114  
                                  77.0000*           .           .           .      64       113  
                                  77.0000*           .           .           .      64       112  
                                  78.0000*           .           .           .      64       111  
                                  78.0000*           .           .           .      64       110  
                                  78.0000*           .           .           .      64       109  
                                  79.0000*           .           .           .      64       108  
                                  80.0000*           .           .           .      64       107  
                                  80.0000*           .           .           .      64       106  
                                  80.0000*           .           .           .      64       105  
                                  81.0000*           .           .           .      64       104  
                                  82.0000*           .           .           .      64       103  
                                  82.0000*           .           .           .      64       102  
                                  82.0000*           .           .           .      64       101  
                                  83.0000*           .           .           .      64       100  
                                  83.0000*           .           .           .      64        99  
                                  84.0000*           .           .           .      64        98  
                                  84.0000*           .           .           .      64        97  
                                  84.0000*           .           .           .      64        96  
                                  84.0000*           .           .           .      64        95  
                                  84.0000*           .           .           .      64        94  
                                  84.0000*           .           .           .      64        93  
                                  85.0000*           .           .           .      64        92  
                                  85.0000*           .           .           .      64        91  
                                  85.0000*           .           .           .      64        90  
                                  85.0000*           .           .           .      64        89  
                                  85.0000*           .           .           .      64        88  
                                  86.0000*           .           .           .      64        87  
                                  87.0000*           .           .           .      64        86  
                                  87.0000*           .           .           .      64        85  
                                  87.0000*           .           .           .      64        84  
                                  89.0000*           .           .           .      64        83  
                                  89.0000*           .           .           .      64        82  
                                  89.0000*           .           .           .      64        81  
                                  89.0000*           .           .           .      64        80  
                                  89.0000*           .           .           .      64        79  
                                  89.0000*           .           .           .      64        78  
                                  90.0000*           .           .           .      64        77  
                                  90.0000*           .           .           .      64        76  
                                  90.0000*           .           .           .      64        75  
                                  90.0000*           .           .           .      64        74  
                                  90.0000*           .           .           .      64        73  
                                  90.0000*           .           .           .      64        72  
                                                           The SAS System

                                                       The LIFETEST Procedure

                                                  Product-Limit Survival Estimates
 
                                                                      Survival
                                                                      Standard    Number    Number
                                      day     Survival    Failure      Error      Failed     Left

                                  90.0000*           .           .           .      64        71  
                                  90.0000*           .           .           .      64        70  
                                  90.0000*           .           .           .      64        69  
                                  90.0000*           .           .           .      64        68  
                                  90.0000*           .           .           .      64        67  
                                  90.0000*           .           .           .      64        66  
                                  90.0000*           .           .           .      64        65  
                                  90.0000*           .           .           .      64        64  
                                  90.0000*           .           .           .      64        63  
                                  90.0000*           .           .           .      64        62  
                                  90.0000*           .           .           .      64        61  
                                  90.0000*           .           .           .      64        60  
                                  90.0000*           .           .           .      64        59  
                                  90.0000*           .           .           .      64        58  
                                  90.0000*           .           .           .      64        57  
                                  90.0000*           .           .           .      64        56  
                                  90.0000*           .           .           .      64        55  
                                  90.0000*           .           .           .      64        54  
                                  90.0000*           .           .           .      64        53  
                                  90.0000*           .           .           .      64        52  
                                  90.0000*           .           .           .      64        51  
                                  90.0000*           .           .           .      64        50  
                                  90.0000*           .           .           .      64        49  
                                  90.0000*           .           .           .      64        48  
                                  90.0000*           .           .           .      64        47  
                                  90.0000*           .           .           .      64        46  
                                  90.0000*           .           .           .      64        45  
                                  90.0000*           .           .           .      64        44  
                                  90.0000*           .           .           .      64        43  
                                  90.0000*           .           .           .      64        42  
                                  90.0000*           .           .           .      64        41  
                                  90.0000*           .           .           .      64        40  
                                  90.0000*           .           .           .      64        39  
                                  90.0000*           .           .           .      64        38  
                                  90.0000*           .           .           .      64        37  
                                  90.0000*           .           .           .      64        36  
                                  90.0000*           .           .           .      64        35  
                                  90.0000*           .           .           .      64        34  
                                  90.0000*           .           .           .      64        33  
                                  90.0000*           .           .           .      64        32  
                                  90.0000*           .           .           .      64        31  
                                  90.0000*           .           .           .      64        30  
                                  90.0000*           .           .           .      64        29  
                                  90.0000*           .           .           .      64        28  
                                  90.0000*           .           .           .      64        27  
                                  90.0000*           .           .           .      64        26  
                                  90.0000*           .           .           .      64        25  
                                  90.0000*           .           .           .      64        24  
                                  90.0000*           .           .           .      64        23  
                                  90.0000*           .           .           .      64        22  
                                                           The SAS System

                                                       The LIFETEST Procedure

                                                  Product-Limit Survival Estimates
 
                                                                      Survival
                                                                      Standard    Number    Number
                                      day     Survival    Failure      Error      Failed     Left

                                  90.0000*           .           .           .      64        21  
                                  90.0000*           .           .           .      64        20  
                                  90.0000*           .           .           .      64        19  
                                  90.0000*           .           .           .      64        18  
                                  90.0000*           .           .           .      64        17  
                                  90.0000*           .           .           .      64        16  
                                  90.0000*           .           .           .      64        15  
                                  90.0000*           .           .           .      64        14  
                                  90.0000*           .           .           .      64        13  
                                  90.0000*           .           .           .      64        12  
                                  90.0000*           .           .           .      64        11  
                                  90.0000*           .           .           .      64        10  
                                  90.0000*           .           .           .      64         9  
                                  90.0000*           .           .           .      64         8  
                                  90.0000*           .           .           .      64         7  
                                  90.0000*           .           .           .      64         6  
                                  90.0000*           .           .           .      64         5  
                                  90.0000*           .           .           .      64         4  
                                  90.0000*           .           .           .      64         3  
                                  91.0000*           .           .           .      64         2  
                                  92.0000*           .           .           .      64         1  
                                  93.0000*           .           .           .      64         0  

                                     NOTE: The marked survival times are censored observations.


                                              Summary Statistics for Time Variable day

                                                         Quartile Estimates
 
                                                    Point         95% Confidence Interval
                                      Percent    Estimate    Transform      [Lower      Upper)

                                           75       .        LOGLOG          .           .    
                                           50       .        LOGLOG          .           .    
                                           25       .        LOGLOG          .           .    


                                                         Mean    Standard Error

                                                      34.8200            0.5042

NOTE: The mean survival time and its standard error were underestimated because the largest observation was censored and the 
      estimation was restricted to the largest event time.


                                                           The SAS System

                                                       The LIFETEST Procedure

                                       Summary of the Number of Censored and Uncensored Values
 
                                                                               Percent
                                                 Total  Failed    Censored    Censored

                                                   471      64         407       86.41
